
> frontend@0.0.0 build
> vite build

[36mvite v8.0.10 [32mbuilding client environment for production...[36m[39m
[2Ktransforming...✓ 11743 modules transformed.
rendering chunks...
computing gzip size...
dist/index.html                  0.37 kB │ gzip:   0.25 kB
dist/assets/index-BiW1FgWy.js  747.54 kB │ gzip: 224.37 kB

[32m✓ built in 8.30s[39m
[33m[plugin builtin:vite-reporter] 
(!) Some chunks are larger than 500 kB after minification. Consider:
- Using dynamic import() to code-split the application
- Use build.rolldownOptions.output.codeSplitting to improve chunking: https://rolldown.rs/reference/OutputOptions.codeSplitting
- Adjust chunk size limit for this warning via build.chunkSizeWarningLimit.[39m
